
> short-video-maker@1.3.4 dev /Users/admin/Documents/Short-video-creator
> vite build --watch | node --watch -r ts-node/register src/index.ts 

[plugin vite:esbuild] src/ui/components/scheduler/ScheduleCalendar.tsx: Duplicate key "color" in object literal
468|                        lineHeight: 1.2,
469|                        bgcolor: isToday ? "primary.main" : "transparent",
470|                        color: isToday ? "white" : "text.primary",
   |                        ^
471|                        width: 26,
472|                        height: 26,

 ELIFECYCLE  Command failed.
Restarting 'src/index.ts'
/Users/admin/Documents/Short-video-creator/node_modules/.pnpm/ts-node@10.9.2_@types+node@22.19.15_typescript@5.9.3/node_modules/ts-node/src/index.ts:859
    return new TSError(diagnosticText, diagnosticCodes, diagnostics);
           ^
TSError: ⨯ Unable to compile TypeScript:
src/server/routers/emotional.ts(30,68): error TS2345: Argument of type 'string' is not assignable to parameter of type 'EmotionalTone'.

    at createTSError (/Users/admin/Documents/Short-video-creator/node_modules/.pnpm/ts-node@10.9.2_@types+node@22.19.15_typescript@5.9.3/node_modules/ts-node/src/index.ts:859:12)
    at reportTSError (/Users/admin/Documents/Short-video-creator/node_modules/.pnpm/ts-node@10.9.2_@types+node@22.19.15_typescript@5.9.3/node_modules/ts-node/src/index.ts:863:19)
    at getOutput (/Users/admin/Documents/Short-video-creator/node_modules/.pnpm/ts-node@10.9.2_@types+node@22.19.15_typescript@5.9.3/node_modules/ts-node/src/index.ts:1077:36)
    at Object.compile (/Users/admin/Documents/Short-video-creator/node_modules/.pnpm/ts-node@10.9.2_@types+node@22.19.15_typescript@5.9.3/node_modules/ts-node/src/index.ts:1433:41)
    at Module.m._compile (/Users/admin/Documents/Short-video-creator/node_modules/.pnpm/ts-node@10.9.2_@types+node@22.19.15_typescript@5.9.3/node_modules/ts-node/src/index.ts:1617:30)
    at Module._extensions..js (node:internal/modules/cjs/loader:1623:10)
    at Object.require.extensions.<computed> [as .ts] (/Users/admin/Documents/Short-video-creator/node_modules/.pnpm/ts-node@10.9.2_@types+node@22.19.15_typescript@5.9.3/node_modules/ts-node/src/index.ts:1621:12)
    at Module.load (node:internal/modules/cjs/loader:1266:32)
    at Function.Module._load (node:internal/modules/cjs/loader:1091:12)
    at Module.require (node:internal/modules/cjs/loader:1289:19) {
  diagnosticCodes: [ 2345 ]
}
Failed running 'src/index.ts'
Restarting 'src/index.ts'
/Users/admin/Documents/Short-video-creator/node_modules/.pnpm/ts-node@10.9.2_@types+node@22.19.15_typescript@5.9.3/node_modules/ts-node/src/index.ts:859
    return new TSError(diagnosticText, diagnosticCodes, diagnostics);
           ^
TSError: ⨯ Unable to compile TypeScript:
src/server/routers/hooks.ts(34,9): error TS2322: Type 'string | undefined' is not assignable to type 'HookEmotion | undefined'.
  Type 'string' is not assignable to type 'HookEmotion | undefined'.

    at createTSError (/Users/admin/Documents/Short-video-creator/node_modules/.pnpm/ts-node@10.9.2_@types+node@22.19.15_typescript@5.9.3/node_modules/ts-node/src/index.ts:859:12)
    at reportTSError (/Users/admin/Documents/Short-video-creator/node_modules/.pnpm/ts-node@10.9.2_@types+node@22.19.15_typescript@5.9.3/node_modules/ts-node/src/index.ts:863:19)
    at getOutput (/Users/admin/Documents/Short-video-creator/node_modules/.pnpm/ts-node@10.9.2_@types+node@22.19.15_typescript@5.9.3/node_modules/ts-node/src/index.ts:1077:36)
    at Object.compile (/Users/admin/Documents/Short-video-creator/node_modules/.pnpm/ts-node@10.9.2_@types+node@22.19.15_typescript@5.9.3/node_modules/ts-node/src/index.ts:1433:41)
    at Module.m._compile (/Users/admin/Documents/Short-video-creator/node_modules/.pnpm/ts-node@10.9.2_@types+node@22.19.15_typescript@5.9.3/node_modules/ts-node/src/index.ts:1617:30)
    at Module._extensions..js (node:internal/modules/cjs/loader:1623:10)
    at Object.require.extensions.<computed> [as .ts] (/Users/admin/Documents/Short-video-creator/node_modules/.pnpm/ts-node@10.9.2_@types+node@22.19.15_typescript@5.9.3/node_modules/ts-node/src/index.ts:1621:12)
    at Module.load (node:internal/modules/cjs/loader:1266:32)
    at Function.Module._load (node:internal/modules/cjs/loader:1091:12)
    at Module.require (node:internal/modules/cjs/loader:1289:19) {
  diagnosticCodes: [ 2322 ]
}
Failed running 'src/index.ts'
Restarting 'src/index.ts'
/Users/admin/Documents/Short-video-creator/node_modules/.pnpm/ts-node@10.9.2_@types+node@22.19.15_typescript@5.9.3/node_modules/ts-node/src/index.ts:859
    return new TSError(diagnosticText, diagnosticCodes, diagnostics);
           ^
TSError: ⨯ Unable to compile TypeScript:
src/server/routers/hooks.ts(34,9): error TS2322: Type 'string | undefined' is not assignable to type 'HookEmotion | undefined'.
  Type 'string' is not assignable to type 'HookEmotion | undefined'.

    at createTSError (/Users/admin/Documents/Short-video-creator/node_modules/.pnpm/ts-node@10.9.2_@types+node@22.19.15_typescript@5.9.3/node_modules/ts-node/src/index.ts:859:12)
    at reportTSError (/Users/admin/Documents/Short-video-creator/node_modules/.pnpm/ts-node@10.9.2_@types+node@22.19.15_typescript@5.9.3/node_modules/ts-node/src/index.ts:863:19)
    at getOutput (/Users/admin/Documents/Short-video-creator/node_modules/.pnpm/ts-node@10.9.2_@types+node@22.19.15_typescript@5.9.3/node_modules/ts-node/src/index.ts:1077:36)
    at Object.compile (/Users/admin/Documents/Short-video-creator/node_modules/.pnpm/ts-node@10.9.2_@types+node@22.19.15_typescript@5.9.3/node_modules/ts-node/src/index.ts:1433:41)
    at Module.m._compile (/Users/admin/Documents/Short-video-creator/node_modules/.pnpm/ts-node@10.9.2_@types+node@22.19.15_typescript@5.9.3/node_modules/ts-node/src/index.ts:1617:30)
    at Module._extensions..js (node:internal/modules/cjs/loader:1623:10)
    at Object.require.extensions.<computed> [as .ts] (/Users/admin/Documents/Short-video-creator/node_modules/.pnpm/ts-node@10.9.2_@types+node@22.19.15_typescript@5.9.3/node_modules/ts-node/src/index.ts:1621:12)
    at Module.load (node:internal/modules/cjs/loader:1266:32)
    at Function.Module._load (node:internal/modules/cjs/loader:1091:12)
    at Module.require (node:internal/modules/cjs/loader:1289:19) {
  diagnosticCodes: [ 2322 ]
}
Failed running 'src/index.ts'
Restarting 'src/index.ts'
/Users/admin/Documents/Short-video-creator/node_modules/.pnpm/ts-node@10.9.2_@types+node@22.19.15_typescript@5.9.3/node_modules/ts-node/src/index.ts:859
    return new TSError(diagnosticText, diagnosticCodes, diagnostics);
           ^
TSError: ⨯ Unable to compile TypeScript:
src/server/routers/hooks.ts(34,9): error TS2322: Type 'string | undefined' is not assignable to type 'HookEmotion | undefined'.
  Type 'string' is not assignable to type 'HookEmotion | undefined'.

    at createTSError (/Users/admin/Documents/Short-video-creator/node_modules/.pnpm/ts-node@10.9.2_@types+node@22.19.15_typescript@5.9.3/node_modules/ts-node/src/index.ts:859:12)
    at reportTSError (/Users/admin/Documents/Short-video-creator/node_modules/.pnpm/ts-node@10.9.2_@types+node@22.19.15_typescript@5.9.3/node_modules/ts-node/src/index.ts:863:19)
    at getOutput (/Users/admin/Documents/Short-video-creator/node_modules/.pnpm/ts-node@10.9.2_@types+node@22.19.15_typescript@5.9.3/node_modules/ts-node/src/index.ts:1077:36)
    at Object.compile (/Users/admin/Documents/Short-video-creator/node_modules/.pnpm/ts-node@10.9.2_@types+node@22.19.15_typescript@5.9.3/node_modules/ts-node/src/index.ts:1433:41)
    at Module.m._compile (/Users/admin/Documents/Short-video-creator/node_modules/.pnpm/ts-node@10.9.2_@types+node@22.19.15_typescript@5.9.3/node_modules/ts-node/src/index.ts:1617:30)
    at Module._extensions..js (node:internal/modules/cjs/loader:1623:10)
    at Object.require.extensions.<computed> [as .ts] (/Users/admin/Documents/Short-video-creator/node_modules/.pnpm/ts-node@10.9.2_@types+node@22.19.15_typescript@5.9.3/node_modules/ts-node/src/index.ts:1621:12)
    at Module.load (node:internal/modules/cjs/loader:1266:32)
    at Function.Module._load (node:internal/modules/cjs/loader:1091:12)
    at Module.require (node:internal/modules/cjs/loader:1289:19) {
  diagnosticCodes: [ 2322 ]
}
Failed running 'src/index.ts'
Restarting 'src/index.ts'
/Users/admin/Documents/Short-video-creator/node_modules/.pnpm/ts-node@10.9.2_@types+node@22.19.15_typescript@5.9.3/node_modules/ts-node/src/index.ts:859
    return new TSError(diagnosticText, diagnosticCodes, diagnostics);
           ^
TSError: ⨯ Unable to compile TypeScript:
src/server/routers/hooks.ts(34,9): error TS2322: Type 'string | undefined' is not assignable to type 'HookEmotion | undefined'.
  Type 'string' is not assignable to type 'HookEmotion | undefined'.

    at createTSError (/Users/admin/Documents/Short-video-creator/node_modules/.pnpm/ts-node@10.9.2_@types+node@22.19.15_typescript@5.9.3/node_modules/ts-node/src/index.ts:859:12)
    at reportTSError (/Users/admin/Documents/Short-video-creator/node_modules/.pnpm/ts-node@10.9.2_@types+node@22.19.15_typescript@5.9.3/node_modules/ts-node/src/index.ts:863:19)
    at getOutput (/Users/admin/Documents/Short-video-creator/node_modules/.pnpm/ts-node@10.9.2_@types+node@22.19.15_typescript@5.9.3/node_modules/ts-node/src/index.ts:1077:36)
    at Object.compile (/Users/admin/Documents/Short-video-creator/node_modules/.pnpm/ts-node@10.9.2_@types+node@22.19.15_typescript@5.9.3/node_modules/ts-node/src/index.ts:1433:41)
    at Module.m._compile (/Users/admin/Documents/Short-video-creator/node_modules/.pnpm/ts-node@10.9.2_@types+node@22.19.15_typescript@5.9.3/node_modules/ts-node/src/index.ts:1617:30)
    at Module._extensions..js (node:internal/modules/cjs/loader:1623:10)
    at Object.require.extensions.<computed> [as .ts] (/Users/admin/Documents/Short-video-creator/node_modules/.pnpm/ts-node@10.9.2_@types+node@22.19.15_typescript@5.9.3/node_modules/ts-node/src/index.ts:1621:12)
    at Module.load (node:internal/modules/cjs/loader:1266:32)
    at Function.Module._load (node:internal/modules/cjs/loader:1091:12)
    at Module.require (node:internal/modules/cjs/loader:1289:19) {
  diagnosticCodes: [ 2322 ]
}
Failed running 'src/index.ts'
Restarting 'src/index.ts'
/Users/admin/Documents/Short-video-creator/node_modules/.pnpm/ts-node@10.9.2_@types+node@22.19.15_typescript@5.9.3/node_modules/ts-node/src/index.ts:859
    return new TSError(diagnosticText, diagnosticCodes, diagnostics);
           ^
TSError: ⨯ Unable to compile TypeScript:
src/server/routers/hooks.ts(34,9): error TS2322: Type 'string | undefined' is not assignable to type 'HookEmotion | undefined'.
  Type 'string' is not assignable to type 'HookEmotion | undefined'.

    at createTSError (/Users/admin/Documents/Short-video-creator/node_modules/.pnpm/ts-node@10.9.2_@types+node@22.19.15_typescript@5.9.3/node_modules/ts-node/src/index.ts:859:12)
    at reportTSError (/Users/admin/Documents/Short-video-creator/node_modules/.pnpm/ts-node@10.9.2_@types+node@22.19.15_typescript@5.9.3/node_modules/ts-node/src/index.ts:863:19)
    at getOutput (/Users/admin/Documents/Short-video-creator/node_modules/.pnpm/ts-node@10.9.2_@types+node@22.19.15_typescript@5.9.3/node_modules/ts-node/src/index.ts:1077:36)
    at Object.compile (/Users/admin/Documents/Short-video-creator/node_modules/.pnpm/ts-node@10.9.2_@types+node@22.19.15_typescript@5.9.3/node_modules/ts-node/src/index.ts:1433:41)
    at Module.m._compile (/Users/admin/Documents/Short-video-creator/node_modules/.pnpm/ts-node@10.9.2_@types+node@22.19.15_typescript@5.9.3/node_modules/ts-node/src/index.ts:1617:30)
    at Module._extensions..js (node:internal/modules/cjs/loader:1623:10)
    at Object.require.extensions.<computed> [as .ts] (/Users/admin/Documents/Short-video-creator/node_modules/.pnpm/ts-node@10.9.2_@types+node@22.19.15_typescript@5.9.3/node_modules/ts-node/src/index.ts:1621:12)
    at Module.load (node:internal/modules/cjs/loader:1266:32)
    at Function.Module._load (node:internal/modules/cjs/loader:1091:12)
    at Module.require (node:internal/modules/cjs/loader:1289:19) {
  diagnosticCodes: [ 2322 ]
}
Failed running 'src/index.ts'
Restarting 'src/index.ts'
/Users/admin/Documents/Short-video-creator/node_modules/.pnpm/ts-node@10.9.2_@types+node@22.19.15_typescript@5.9.3/node_modules/ts-node/src/index.ts:859
    return new TSError(diagnosticText, diagnosticCodes, diagnostics);
           ^
TSError: ⨯ Unable to compile TypeScript:
src/server/routers/hooks.ts(34,9): error TS2322: Type 'string | undefined' is not assignable to type 'HookEmotion | undefined'.
  Type 'string' is not assignable to type 'HookEmotion | undefined'.

    at createTSError (/Users/admin/Documents/Short-video-creator/node_modules/.pnpm/ts-node@10.9.2_@types+node@22.19.15_typescript@5.9.3/node_modules/ts-node/src/index.ts:859:12)
    at reportTSError (/Users/admin/Documents/Short-video-creator/node_modules/.pnpm/ts-node@10.9.2_@types+node@22.19.15_typescript@5.9.3/node_modules/ts-node/src/index.ts:863:19)
    at getOutput (/Users/admin/Documents/Short-video-creator/node_modules/.pnpm/ts-node@10.9.2_@types+node@22.19.15_typescript@5.9.3/node_modules/ts-node/src/index.ts:1077:36)
    at Object.compile (/Users/admin/Documents/Short-video-creator/node_modules/.pnpm/ts-node@10.9.2_@types+node@22.19.15_typescript@5.9.3/node_modules/ts-node/src/index.ts:1433:41)
    at Module.m._compile (/Users/admin/Documents/Short-video-creator/node_modules/.pnpm/ts-node@10.9.2_@types+node@22.19.15_typescript@5.9.3/node_modules/ts-node/src/index.ts:1617:30)
    at Module._extensions..js (node:internal/modules/cjs/loader:1623:10)
    at Object.require.extensions.<computed> [as .ts] (/Users/admin/Documents/Short-video-creator/node_modules/.pnpm/ts-node@10.9.2_@types+node@22.19.15_typescript@5.9.3/node_modules/ts-node/src/index.ts:1621:12)
    at Module.load (node:internal/modules/cjs/loader:1266:32)
    at Function.Module._load (node:internal/modules/cjs/loader:1091:12)
    at Module.require (node:internal/modules/cjs/loader:1289:19) {
  diagnosticCodes: [ 2322 ]
}
Failed running 'src/index.ts'
Restarting 'src/index.ts'
/Users/admin/Documents/Short-video-creator/node_modules/.pnpm/ts-node@10.9.2_@types+node@22.19.15_typescript@5.9.3/node_modules/ts-node/src/index.ts:859
    return new TSError(diagnosticText, diagnosticCodes, diagnostics);
           ^
TSError: ⨯ Unable to compile TypeScript:
src/server/routers/hooks.ts(34,9): error TS2322: Type 'string | undefined' is not assignable to type 'HookEmotion | undefined'.
  Type 'string' is not assignable to type 'HookEmotion | undefined'.

    at createTSError (/Users/admin/Documents/Short-video-creator/node_modules/.pnpm/ts-node@10.9.2_@types+node@22.19.15_typescript@5.9.3/node_modules/ts-node/src/index.ts:859:12)
    at reportTSError (/Users/admin/Documents/Short-video-creator/node_modules/.pnpm/ts-node@10.9.2_@types+node@22.19.15_typescript@5.9.3/node_modules/ts-node/src/index.ts:863:19)
    at getOutput (/Users/admin/Documents/Short-video-creator/node_modules/.pnpm/ts-node@10.9.2_@types+node@22.19.15_typescript@5.9.3/node_modules/ts-node/src/index.ts:1077:36)
    at Object.compile (/Users/admin/Documents/Short-video-creator/node_modules/.pnpm/ts-node@10.9.2_@types+node@22.19.15_typescript@5.9.3/node_modules/ts-node/src/index.ts:1433:41)
    at Module.m._compile (/Users/admin/Documents/Short-video-creator/node_modules/.pnpm/ts-node@10.9.2_@types+node@22.19.15_typescript@5.9.3/node_modules/ts-node/src/index.ts:1617:30)
    at Module._extensions..js (node:internal/modules/cjs/loader:1623:10)
    at Object.require.extensions.<computed> [as .ts] (/Users/admin/Documents/Short-video-creator/node_modules/.pnpm/ts-node@10.9.2_@types+node@22.19.15_typescript@5.9.3/node_modules/ts-node/src/index.ts:1621:12)
    at Module.load (node:internal/modules/cjs/loader:1266:32)
    at Function.Module._load (node:internal/modules/cjs/loader:1091:12)
    at Module.require (node:internal/modules/cjs/loader:1289:19) {
  diagnosticCodes: [ 2322 ]
}
Failed running 'src/index.ts'
[commonjs] Cannot read properties of undefined (reading 'resolved')
[commonjs] Cannot read properties of undefined (reading 'resolved')
[commonjs] Cannot read properties of undefined (reading 'resolved')
[commonjs] Cannot read properties of undefined (reading 'resolved')
[commonjs] Cannot read properties of undefined (reading 'resolved')
[commonjs] Cannot read properties of undefined (reading 'resolved')
sx: Duplicate key "color" in object literal
468|                        lineHeight: 1.2,
469|                        bgcolor: isToday ? "primary.main" : "transparent",
470|                        color: isToday ? "white" : "text.primary",
   |                        ^
471|                        width: 26,
472|                        height: 26,

[commonjs] Cannot read properties of undefined (reading 'resolved')
nsions..js (node:internal/modules/cjs/loader:1623:10)
    at Object.require.extensions.<computed> [as .ts] (/Users/admin/Documents/Short-video-creator/node_modules/.pnpm/ts-node@10.9.2_@types+node@22.19.15_typescript@5.9.3/node_modules/ts-node/src/index.ts:1621:12)
    at Module.load (node:internal/modules/cjs/loader:1266:32)
    at Function.Module._load (node:internal/modules/cjs/loader:1091:12)
    at Module.require (node:internal/modules/cjs/loader:1289:19) {
  diagnosticCodes: [ 2322 ]
}
Failed running 'src/index.ts'
[commonjs] Cannot read properties of undefined (reading 'resolved')
[commonjs] Cannot read properties of undefined (reading 'resolved')
[commonjs] Cannot read properties of undefined (reading 'resolved')
[commonjs] Cannot read properties of undefined (reading 'resolved')
[plugin vite:esbuild] src/ui/components/scheduler/ScheduleCalendar.tsx: Duplicate key "color" in object literal
468|                        lineHeight: 1.2,
469|                        bgcolor: isToday ? "primary.main" : "transparent",
470|                        color: isToday ? "white" : "text.primary",
   |                        ^
471|                        width: 26,
472|                        height: 26,

[commonjs] Cannot read properties of undefined (reading 'resolved')
[commonjs] Cannot read properties of undefined (reading 'resolved')
